  $ ../../../../install/default/bin/stanc --filename-in-msg=foo.stan  filename_error.stan
Semantic error in 'foo.stan', line 3, column 17 to column 18:
   -------------------------------------------------
     1:  transformed data {
     2:      real p;
     3:      real q = p + a;
                          ^
     4:  }
   -------------------------------------------------

Identifier 'a' not in scope.
  $ ../../../../install/default/bin/stanc --filename-in-msg=foo.stan  filename_syntax_error.stan
Syntax error in 'foo.stan', line 2, column 0 to column 0, parsing error:
   -------------------------------------------------
     1:  model {
         ^
   -------------------------------------------------

Variable declaration, statement or "}" expected.
