  $ ../../../../install/default/bin/stanc --print-canonical deprecated.stan
functions {
  real[] sho(real t, real[] y, real[] theta, real[] x, int[] x_int) {
    real dydt[2];
    dydt[1] = y[2];
    dydt[2] = -y[1] - theta[1] * y[2];
    return dydt;
  }
  real normal_log_lpdf(real a, real b, real c) {
    return (a - b) / c;
  }
  real foo_lcdf(real x, real y) {
    return x / y;
  }
}
transformed data {
  int a = -12;
  real b = 1.5;
  int c = abs(a);
  real d = fabs(b);
  int x_i[0];
  real x_r[0];
}
parameters {
  real x;
  real theta[3];
}
model {
  real k = (b < 0) ? lmultiply(1, d) : 0;
  target += lchoose(10, 10);
  c ~ poisson(3.0);
  c ~ poisson_log(3.0);
  c ~ poisson_log(3.0);
  if (a) {
    x ~ normal(0, 1);
    x ~ normal_log(0, 1);
    x ~ normal_log(0, 1);
    target += normal_log_lpdf(x| 1, 2);
    target += std_normal_lpdf(x| );
  }
  else {
    x ~ exponential(1);
    x ~ exponential(1);
    target += foo_lcdf(x| 1);
  }
  target += normal_lpdf(x| 0, 1) + normal_lcdf(2| 0, 1)
            + normal_lccdf(3| 0, 1);
  print("target: ", target());
}
generated quantities {
  real y0[2] = {1.0, 2.0};
  real ts[3] = {0.5, 1.0, 2.0};
  real y_hat[3, 2] = integrate_ode_rk45(sho, y0, 0.0, ts, theta, x_r, x_i);
}


Warning: deprecated language construct used in 'deprecated.stan', line 55, column 20 to column 69:
integrate_ode is deprecated, use integrate_ode_rk45 instead

Warning: deprecated language construct used in 'deprecated.stan', line 28, column 11 to column 46:
The function `if_else` is deprecated. Use the conditional operator (x ? y : z) instead.

Warning: deprecated language construct used in 'deprecated.stan', line 28, column 24 to column 42:
multiply_log is deprecated, use lmultiply instead

Warning: deprecated language construct used in 'deprecated.stan', line 29, column 12 to column 44:
binomial_coefficient_log is deprecated, use lchoose instead

Warning: deprecated language construct used in 'deprecated.stan', line 43, column 23 to column 40:
Use of the _log suffix in user defined function foo_cdf_log is deprecated, use foo_lcdf instead.

Warning: deprecated language construct used in 'deprecated.stan', line 38, column 14 to column 35:
Use of the _log suffix in user defined function normal_log_log is deprecated, use normal_log_lpdf instead.

Warning: deprecated language construct used in 'deprecated.stan', line 48, column 6 to column 30:
normal_ccdf_log is deprecated, use normal_lccdf instead

Warning: deprecated language construct used in 'deprecated.stan', line 47, column 6 to column 29:
normal_cdf_log is deprecated, use normal_lcdf instead

Warning: deprecated language construct used in 'deprecated.stan', line 46, column 12 to column 31:
normal_log is deprecated, use normal_lpdf instead

Warning: deprecated language construct used in 'deprecated.stan', line 50, column 20 to column 28:
The no-argument function `get_lp()` is deprecated. Use the no-argument function `target()` instead.

Warning: deprecated language construct used in 'deprecated.stan', line 19, column 11 to column 17:
Use of the `abs` function with real-valued arguments is deprecated; use functions `fabs` instead.
  $ ../../../../install/default/bin/stanc --print-canonical parenthesize.stan
transformed data {
  int N = 12;
  real b = 1.5;
}
parameters {
  real<lower=((b > 3) ? 1.0 : b - 2)> x;
  matrix[N, N] m;
}
model {
  matrix[N - 3, 4] n;
  row_vector[N] v = ((1.0 + m)')[1];
  for (i in 1 : (N - 3)) {
    n[i] = m[i : (i + 3), i]';
  }
  if ((b < x) && (x < 1)) 
    x + 4 ~ normal(0, 1 + 1) T[0, 8];
}


Warning: deprecated language construct used in 'parenthesize.stan', line 6, column 13 to column 37:
The function `if_else` is deprecated. Use the conditional operator (x ? y : z) instead.
