  $ ../../../../../install/default/bin/stanc STAN_MAJOR.stan

Semantic error in file STAN_MAJOR.stan, line 2, columns 7-17:
   -------------------------------------------------
     1:  data {
     2:    real STAN_MAJOR;
                ^
     3:  }
     4:  model {
   -------------------------------------------------

Identifier 'STAN_MAJOR' clashes with reserved keyword.

  $ ../../../../../install/default/bin/stanc STAN_MATH_MAJOR.stan

Semantic error in file STAN_MATH_MAJOR.stan, line 2, columns 7-22:
   -------------------------------------------------
     1:  data {
     2:    real STAN_MATH_MAJOR;
                ^
     3:  }
     4:  model {
   -------------------------------------------------

Identifier 'STAN_MATH_MAJOR' clashes with reserved keyword.

  $ ../../../../../install/default/bin/stanc STAN_MATH_MINOR.stan

Semantic error in file STAN_MATH_MINOR.stan, line 2, columns 7-22:
   -------------------------------------------------
     1:  data {
     2:    real STAN_MATH_MINOR;
                ^
     3:  }
     4:  model {
   -------------------------------------------------

Identifier 'STAN_MATH_MINOR' clashes with reserved keyword.

  $ ../../../../../install/default/bin/stanc STAN_MATH_PATCH.stan

Semantic error in file STAN_MATH_PATCH.stan, line 2, columns 7-22:
   -------------------------------------------------
     1:  data {
     2:    real STAN_MATH_PATCH;
                ^
     3:  }
     4:  model {
   -------------------------------------------------

Identifier 'STAN_MATH_PATCH' clashes with reserved keyword.

  $ ../../../../../install/default/bin/stanc STAN_MINOR.stan

Semantic error in file STAN_MINOR.stan, line 2, columns 7-17:
   -------------------------------------------------
     1:  data {
     2:    real STAN_MINOR;
                ^
     3:  }
     4:  model {
   -------------------------------------------------

Identifier 'STAN_MINOR' clashes with reserved keyword.

  $ ../../../../../install/default/bin/stanc STAN_PATCH.stan

Semantic error in file STAN_PATCH.stan, line 2, columns 7-17:
   -------------------------------------------------
     1:  data {
     2:    real STAN_PATCH;
                ^
     3:  }
     4:  model {
   -------------------------------------------------

Identifier 'STAN_PATCH' clashes with reserved keyword.

  $ ../../../../../install/default/bin/stanc alignas.stan

Semantic error in file alignas.stan, line 2, columns 7-14:
   -------------------------------------------------
     1:  data {
     2:    real alignas;
                ^
     3:  }
     4:  model {
   -------------------------------------------------

Identifier 'alignas' clashes with reserved keyword.

  $ ../../../../../install/default/bin/stanc alignof.stan

Semantic error in file alignof.stan, line 2, columns 7-14:
   -------------------------------------------------
     1:  data {
     2:    real alignof;
                ^
     3:  }
     4:  model {
   -------------------------------------------------

Identifier 'alignof' clashes with reserved keyword.

  $ ../../../../../install/default/bin/stanc and.stan

Semantic error in file and.stan, line 2, columns 7-10:
   -------------------------------------------------
     1:  data {
     2:    real and;
                ^
     3:  }
     4:  model {
   -------------------------------------------------

Identifier 'and' clashes with reserved keyword.

  $ ../../../../../install/default/bin/stanc and_eq.stan

Semantic error in file and_eq.stan, line 2, columns 7-13:
   -------------------------------------------------
     1:  data {
     2:    real and_eq;
                ^
     3:  }
     4:  model {
   -------------------------------------------------

Identifier 'and_eq' clashes with reserved keyword.

  $ ../../../../../install/default/bin/stanc asm.stan

Semantic error in file asm.stan, line 2, columns 7-10:
   -------------------------------------------------
     1:  data {
     2:    real asm;
                ^
     3:  }
     4:  model {
   -------------------------------------------------

Identifier 'asm' clashes with reserved keyword.

  $ ../../../../../install/default/bin/stanc auto.stan

Semantic error in file auto.stan, line 2, columns 7-11:
   -------------------------------------------------
     1:  data {
     2:    real auto;
                ^
     3:  }
     4:  model {
   -------------------------------------------------

Identifier 'auto' clashes with reserved keyword.

  $ ../../../../../install/default/bin/stanc bitand.stan

Semantic error in file bitand.stan, line 2, columns 7-13:
   -------------------------------------------------
     1:  data {
     2:    real bitand;
                ^
     3:  }
     4:  model {
   -------------------------------------------------

Identifier 'bitand' clashes with reserved keyword.

  $ ../../../../../install/default/bin/stanc bitor.stan

Semantic error in file bitor.stan, line 2, columns 7-12:
   -------------------------------------------------
     1:  data {
     2:    real bitor;
                ^
     3:  }
     4:  model {
   -------------------------------------------------

Identifier 'bitor' clashes with reserved keyword.

  $ ../../../../../install/default/bin/stanc bool.stan

Semantic error in file bool.stan, line 2, columns 7-11:
   -------------------------------------------------
     1:  data {
     2:    real bool;
                ^
     3:  }
     4:  model {
   -------------------------------------------------

Identifier 'bool' clashes with reserved keyword.

  $ ../../../../../install/default/bin/stanc break.stan

Syntax error in file break.stan, line 2, columns 2-6, parsing error:
   -------------------------------------------------
     1:  data {
     2:    real break;
               ^
     3:  }
     4:  model {
   -------------------------------------------------

Identifier expected after type in top-level variable declaration.


  $ ../../../../../install/default/bin/stanc case.stan

Semantic error in file case.stan, line 2, columns 7-11:
   -------------------------------------------------
     1:  data {
     2:    real case;
                ^
     3:  }
     4:  model {
   -------------------------------------------------

Identifier 'case' clashes with reserved keyword.

  $ ../../../../../install/default/bin/stanc catch.stan

Semantic error in file catch.stan, line 2, columns 7-12:
   -------------------------------------------------
     1:  data {
     2:    real catch;
                ^
     3:  }
     4:  model {
   -------------------------------------------------

Identifier 'catch' clashes with reserved keyword.

  $ ../../../../../install/default/bin/stanc char.stan

Semantic error in file char.stan, line 2, columns 7-11:
   -------------------------------------------------
     1:  data {
     2:    real char;
                ^
     3:  }
     4:  model {
   -------------------------------------------------

Identifier 'char' clashes with reserved keyword.

  $ ../../../../../install/default/bin/stanc char16_t.stan

Semantic error in file char16_t.stan, line 2, columns 7-15:
   -------------------------------------------------
     1:  data {
     2:    real char16_t;
                ^
     3:  }
     4:  model {
   -------------------------------------------------

Identifier 'char16_t' clashes with reserved keyword.

  $ ../../../../../install/default/bin/stanc char32_t.stan

Semantic error in file char32_t.stan, line 2, columns 7-15:
   -------------------------------------------------
     1:  data {
     2:    real char32_t;
                ^
     3:  }
     4:  model {
   -------------------------------------------------

Identifier 'char32_t' clashes with reserved keyword.

  $ ../../../../../install/default/bin/stanc cholesky_factor_corr.stan

Syntax error in file cholesky_factor_corr.stan, line 2, columns 2-6, parsing error:
   -------------------------------------------------
     1:  data {
     2:    real cholesky_factor_corr;
               ^
     3:  }
     4:  model {
   -------------------------------------------------

Identifier expected after type in top-level variable declaration.


  $ ../../../../../install/default/bin/stanc cholesky_factor_cov.stan

Syntax error in file cholesky_factor_cov.stan, line 2, columns 2-6, parsing error:
   -------------------------------------------------
     1:  data {
     2:    real cholesky_factor_cov;
               ^
     3:  }
     4:  model {
   -------------------------------------------------

Identifier expected after type in top-level variable declaration.


  $ ../../../../../install/default/bin/stanc class.stan

Semantic error in file class.stan, line 2, columns 7-12:
   -------------------------------------------------
     1:  data {
     2:    real class;
                ^
     3:  }
     4:  model {
   -------------------------------------------------

Identifier 'class' clashes with reserved keyword.

  $ ../../../../../install/default/bin/stanc compl.stan

Semantic error in file compl.stan, line 2, columns 7-12:
   -------------------------------------------------
     1:  data {
     2:    real compl;
                ^
     3:  }
     4:  model {
   -------------------------------------------------

Identifier 'compl' clashes with reserved keyword.

  $ ../../../../../install/default/bin/stanc const.stan

Semantic error in file const.stan, line 2, columns 7-12:
   -------------------------------------------------
     1:  data {
     2:    real const;
                ^
     3:  }
     4:  model {
   -------------------------------------------------

Identifier 'const' clashes with reserved keyword.

  $ ../../../../../install/default/bin/stanc const_cast.stan

Semantic error in file const_cast.stan, line 2, columns 7-17:
   -------------------------------------------------
     1:  data {
     2:    real const_cast;
                ^
     3:  }
     4:  model {
   -------------------------------------------------

Identifier 'const_cast' clashes with reserved keyword.

  $ ../../../../../install/default/bin/stanc constexpr.stan

Semantic error in file constexpr.stan, line 2, columns 7-16:
   -------------------------------------------------
     1:  data {
     2:    real constexpr;
                ^
     3:  }
     4:  model {
   -------------------------------------------------

Identifier 'constexpr' clashes with reserved keyword.

  $ ../../../../../install/default/bin/stanc continue.stan

Syntax error in file continue.stan, line 2, columns 2-6, parsing error:
   -------------------------------------------------
     1:  data {
     2:    real continue;
               ^
     3:  }
     4:  model {
   -------------------------------------------------

Identifier expected after type in top-level variable declaration.


  $ ../../../../../install/default/bin/stanc corr_matrix.stan

Syntax error in file corr_matrix.stan, line 2, columns 2-6, parsing error:
   -------------------------------------------------
     1:  data {
     2:    real corr_matrix;
               ^
     3:  }
     4:  model {
   -------------------------------------------------

Identifier expected after type in top-level variable declaration.


  $ ../../../../../install/default/bin/stanc cov_matrix.stan

Syntax error in file cov_matrix.stan, line 2, columns 2-6, parsing error:
   -------------------------------------------------
     1:  data {
     2:    real cov_matrix;
               ^
     3:  }
     4:  model {
   -------------------------------------------------

Identifier expected after type in top-level variable declaration.


  $ ../../../../../install/default/bin/stanc decltype.stan

Semantic error in file decltype.stan, line 2, columns 7-15:
   -------------------------------------------------
     1:  data {
     2:    real decltype;
                ^
     3:  }
     4:  model {
   -------------------------------------------------

Identifier 'decltype' clashes with reserved keyword.

  $ ../../../../../install/default/bin/stanc default.stan

Semantic error in file default.stan, line 2, columns 7-14:
   -------------------------------------------------
     1:  data {
     2:    real default;
                ^
     3:  }
     4:  model {
   -------------------------------------------------

Identifier 'default' clashes with reserved keyword.

  $ ../../../../../install/default/bin/stanc delete.stan

Semantic error in file delete.stan, line 2, columns 7-13:
   -------------------------------------------------
     1:  data {
     2:    real delete;
                ^
     3:  }
     4:  model {
   -------------------------------------------------

Identifier 'delete' clashes with reserved keyword.

  $ ../../../../../install/default/bin/stanc do.stan

Semantic error in file do.stan, line 2, columns 7-9:
   -------------------------------------------------
     1:  data {
     2:    real do;
                ^
     3:  }
     4:  model {
   -------------------------------------------------

Identifier 'do' clashes with reserved keyword.

  $ ../../../../../install/default/bin/stanc double.stan

Semantic error in file double.stan, line 2, columns 7-13:
   -------------------------------------------------
     1:  data {
     2:    real double;
                ^
     3:  }
     4:  model {
   -------------------------------------------------

Identifier 'double' clashes with reserved keyword.

  $ ../../../../../install/default/bin/stanc dynamic_cast.stan

Semantic error in file dynamic_cast.stan, line 2, columns 7-19:
   -------------------------------------------------
     1:  data {
     2:    real dynamic_cast;
                ^
     3:  }
     4:  model {
   -------------------------------------------------

Identifier 'dynamic_cast' clashes with reserved keyword.

  $ ../../../../../install/default/bin/stanc else.stan

Syntax error in file else.stan, line 2, columns 2-6, parsing error:
   -------------------------------------------------
     1:  data {
     2:    real else;
               ^
     3:  }
     4:  model {
   -------------------------------------------------

Identifier expected after type in top-level variable declaration.


  $ ../../../../../install/default/bin/stanc enum.stan

Semantic error in file enum.stan, line 2, columns 7-11:
   -------------------------------------------------
     1:  data {
     2:    real enum;
                ^
     3:  }
     4:  model {
   -------------------------------------------------

Identifier 'enum' clashes with reserved keyword.

  $ ../../../../../install/default/bin/stanc explicit.stan

Semantic error in file explicit.stan, line 2, columns 7-15:
   -------------------------------------------------
     1:  data {
     2:    real explicit;
                ^
     3:  }
     4:  model {
   -------------------------------------------------

Identifier 'explicit' clashes with reserved keyword.

  $ ../../../../../install/default/bin/stanc export.stan

Semantic error in file export.stan, line 2, columns 7-13:
   -------------------------------------------------
     1:  data {
     2:    real export;
                ^
     3:  }
     4:  model {
   -------------------------------------------------

Identifier 'export' clashes with reserved keyword.

  $ ../../../../../install/default/bin/stanc extern.stan

Semantic error in file extern.stan, line 2, columns 7-13:
   -------------------------------------------------
     1:  data {
     2:    real extern;
                ^
     3:  }
     4:  model {
   -------------------------------------------------

Identifier 'extern' clashes with reserved keyword.

  $ ../../../../../install/default/bin/stanc false.stan

Semantic error in file false.stan, line 2, columns 7-12:
   -------------------------------------------------
     1:  data {
     2:    real false;
                ^
     3:  }
     4:  model {
   -------------------------------------------------

Identifier 'false' clashes with reserved keyword.

  $ ../../../../../install/default/bin/stanc float.stan

Semantic error in file float.stan, line 2, columns 7-12:
   -------------------------------------------------
     1:  data {
     2:    real float;
                ^
     3:  }
     4:  model {
   -------------------------------------------------

Identifier 'float' clashes with reserved keyword.

  $ ../../../../../install/default/bin/stanc for.stan

Syntax error in file for.stan, line 2, columns 2-6, parsing error:
   -------------------------------------------------
     1:  data {
     2:    real for;
               ^
     3:  }
     4:  model {
   -------------------------------------------------

Identifier expected after type in top-level variable declaration.


  $ ../../../../../install/default/bin/stanc friend.stan

Semantic error in file friend.stan, line 2, columns 7-13:
   -------------------------------------------------
     1:  data {
     2:    real friend;
                ^
     3:  }
     4:  model {
   -------------------------------------------------

Identifier 'friend' clashes with reserved keyword.

  $ ../../../../../install/default/bin/stanc fvar.stan

Semantic error in file fvar.stan, line 2, columns 7-11:
   -------------------------------------------------
     1:  data {
     2:    real fvar;
                ^
     3:  }
     4:  model {
   -------------------------------------------------

Identifier 'fvar' clashes with reserved keyword.

  $ ../../../../../install/default/bin/stanc goto.stan

Semantic error in file goto.stan, line 2, columns 7-11:
   -------------------------------------------------
     1:  data {
     2:    real goto;
                ^
     3:  }
     4:  model {
   -------------------------------------------------

Identifier 'goto' clashes with reserved keyword.

  $ ../../../../../install/default/bin/stanc if.stan

Syntax error in file if.stan, line 2, columns 2-6, parsing error:
   -------------------------------------------------
     1:  data {
     2:    real if;
               ^
     3:  }
     4:  model {
   -------------------------------------------------

Identifier expected after type in top-level variable declaration.


  $ ../../../../../install/default/bin/stanc in.stan

Syntax error in file in.stan, line 2, columns 2-6, parsing error:
   -------------------------------------------------
     1:  data {
     2:    real in;
               ^
     3:  }
     4:  model {
   -------------------------------------------------

Identifier expected after type in top-level variable declaration.


  $ ../../../../../install/default/bin/stanc inline.stan

Semantic error in file inline.stan, line 2, columns 7-13:
   -------------------------------------------------
     1:  data {
     2:    real inline;
                ^
     3:  }
     4:  model {
   -------------------------------------------------

Identifier 'inline' clashes with reserved keyword.

  $ ../../../../../install/default/bin/stanc int.stan

Syntax error in file int.stan, line 2, columns 2-6, parsing error:
   -------------------------------------------------
     1:  data {
     2:    real int;
               ^
     3:  }
     4:  model {
   -------------------------------------------------

Identifier expected after type in top-level variable declaration.


  $ ../../../../../install/default/bin/stanc long.stan

Semantic error in file long.stan, line 2, columns 7-11:
   -------------------------------------------------
     1:  data {
     2:    real long;
                ^
     3:  }
     4:  model {
   -------------------------------------------------

Identifier 'long' clashes with reserved keyword.

  $ ../../../../../install/default/bin/stanc matrix.stan

Syntax error in file matrix.stan, line 2, columns 2-6, parsing error:
   -------------------------------------------------
     1:  data {
     2:    real matrix;
               ^
     3:  }
     4:  model {
   -------------------------------------------------

Identifier expected after type in top-level variable declaration.


  $ ../../../../../install/default/bin/stanc mutable.stan

Semantic error in file mutable.stan, line 2, columns 7-14:
   -------------------------------------------------
     1:  data {
     2:    real mutable;
                ^
     3:  }
     4:  model {
   -------------------------------------------------

Identifier 'mutable' clashes with reserved keyword.

  $ ../../../../../install/default/bin/stanc namespace.stan

Semantic error in file namespace.stan, line 2, columns 7-16:
   -------------------------------------------------
     1:  data {
     2:    real namespace;
                ^
     3:  }
     4:  model {
   -------------------------------------------------

Identifier 'namespace' clashes with reserved keyword.

  $ ../../../../../install/default/bin/stanc new.stan

Semantic error in file new.stan, line 2, columns 7-10:
   -------------------------------------------------
     1:  data {
     2:    real new;
                ^
     3:  }
     4:  model {
   -------------------------------------------------

Identifier 'new' clashes with reserved keyword.

  $ ../../../../../install/default/bin/stanc noexcept.stan

Semantic error in file noexcept.stan, line 2, columns 7-15:
   -------------------------------------------------
     1:  data {
     2:    real noexcept;
                ^
     3:  }
     4:  model {
   -------------------------------------------------

Identifier 'noexcept' clashes with reserved keyword.

  $ ../../../../../install/default/bin/stanc not.stan

Semantic error in file not.stan, line 2, columns 7-10:
   -------------------------------------------------
     1:  data {
     2:    real not;
                ^
     3:  }
     4:  model {
   -------------------------------------------------

Identifier 'not' clashes with reserved keyword.

  $ ../../../../../install/default/bin/stanc not_eq.stan

Semantic error in file not_eq.stan, line 2, columns 7-13:
   -------------------------------------------------
     1:  data {
     2:    real not_eq;
                ^
     3:  }
     4:  model {
   -------------------------------------------------

Identifier 'not_eq' clashes with reserved keyword.

  $ ../../../../../install/default/bin/stanc nullptr.stan

Semantic error in file nullptr.stan, line 2, columns 7-14:
   -------------------------------------------------
     1:  data {
     2:    real nullptr;
                ^
     3:  }
     4:  model {
   -------------------------------------------------

Identifier 'nullptr' clashes with reserved keyword.

  $ ../../../../../install/default/bin/stanc operator.stan

Semantic error in file operator.stan, line 2, columns 7-15:
   -------------------------------------------------
     1:  data {
     2:    real operator;
                ^
     3:  }
     4:  model {
   -------------------------------------------------

Identifier 'operator' clashes with reserved keyword.

  $ ../../../../../install/default/bin/stanc or.stan

Semantic error in file or.stan, line 2, columns 7-9:
   -------------------------------------------------
     1:  data {
     2:    real or;
                ^
     3:  }
     4:  model {
   -------------------------------------------------

Identifier 'or' clashes with reserved keyword.

  $ ../../../../../install/default/bin/stanc or_eq.stan

Semantic error in file or_eq.stan, line 2, columns 7-12:
   -------------------------------------------------
     1:  data {
     2:    real or_eq;
                ^
     3:  }
     4:  model {
   -------------------------------------------------

Identifier 'or_eq' clashes with reserved keyword.

  $ ../../../../../install/default/bin/stanc ordered.stan

Syntax error in file ordered.stan, line 2, columns 2-6, parsing error:
   -------------------------------------------------
     1:  data {
     2:    real ordered;
               ^
     3:  }
     4:  model {
   -------------------------------------------------

Identifier expected after type in top-level variable declaration.


  $ ../../../../../install/default/bin/stanc positive_ordered.stan

Syntax error in file positive_ordered.stan, line 2, columns 2-6, parsing error:
   -------------------------------------------------
     1:  data {
     2:    real positive_ordered;
               ^
     3:  }
     4:  model {
   -------------------------------------------------

Identifier expected after type in top-level variable declaration.


  $ ../../../../../install/default/bin/stanc private.stan

Semantic error in file private.stan, line 2, columns 7-14:
   -------------------------------------------------
     1:  data {
     2:    real private;
                ^
     3:  }
     4:  model {
   -------------------------------------------------

Identifier 'private' clashes with reserved keyword.

  $ ../../../../../install/default/bin/stanc protected.stan

Semantic error in file protected.stan, line 2, columns 7-16:
   -------------------------------------------------
     1:  data {
     2:    real protected;
                ^
     3:  }
     4:  model {
   -------------------------------------------------

Identifier 'protected' clashes with reserved keyword.

  $ ../../../../../install/default/bin/stanc public.stan

Semantic error in file public.stan, line 2, columns 7-13:
   -------------------------------------------------
     1:  data {
     2:    real public;
                ^
     3:  }
     4:  model {
   -------------------------------------------------

Identifier 'public' clashes with reserved keyword.

  $ ../../../../../install/default/bin/stanc real.stan

Syntax error in file real.stan, line 2, columns 2-6, parsing error:
   -------------------------------------------------
     1:  data {
     2:    real real;
               ^
     3:  }
     4:  model {
   -------------------------------------------------

Identifier expected after type in top-level variable declaration.


  $ ../../../../../install/default/bin/stanc register.stan

Semantic error in file register.stan, line 2, columns 7-15:
   -------------------------------------------------
     1:  data {
     2:    real register;
                ^
     3:  }
     4:  model {
   -------------------------------------------------

Identifier 'register' clashes with reserved keyword.

  $ ../../../../../install/default/bin/stanc reinterpret_cast.stan

Semantic error in file reinterpret_cast.stan, line 2, columns 7-23:
   -------------------------------------------------
     1:  data {
     2:    real reinterpret_cast;
                ^
     3:  }
     4:  model {
   -------------------------------------------------

Identifier 'reinterpret_cast' clashes with reserved keyword.

  $ ../../../../../install/default/bin/stanc repeat.stan

Semantic error in file repeat.stan, line 2, columns 7-13:
   -------------------------------------------------
     1:  data {
     2:    real repeat;
                ^
     3:  }
     4:  model {
   -------------------------------------------------

Identifier 'repeat' clashes with reserved keyword.

  $ ../../../../../install/default/bin/stanc return.stan

Syntax error in file return.stan, line 2, columns 2-6, parsing error:
   -------------------------------------------------
     1:  data {
     2:    real return;
               ^
     3:  }
     4:  model {
   -------------------------------------------------

Identifier expected after type in top-level variable declaration.


  $ ../../../../../install/default/bin/stanc row_vector.stan

Syntax error in file row_vector.stan, line 2, columns 2-6, parsing error:
   -------------------------------------------------
     1:  data {
     2:    real row_vector;
               ^
     3:  }
     4:  model {
   -------------------------------------------------

Identifier expected after type in top-level variable declaration.


  $ ../../../../../install/default/bin/stanc short.stan

Semantic error in file short.stan, line 2, columns 7-12:
   -------------------------------------------------
     1:  data {
     2:    real short;
                ^
     3:  }
     4:  model {
   -------------------------------------------------

Identifier 'short' clashes with reserved keyword.

  $ ../../../../../install/default/bin/stanc signed.stan

Semantic error in file signed.stan, line 2, columns 7-13:
   -------------------------------------------------
     1:  data {
     2:    real signed;
                ^
     3:  }
     4:  model {
   -------------------------------------------------

Identifier 'signed' clashes with reserved keyword.

  $ ../../../../../install/default/bin/stanc simplex.stan

Syntax error in file simplex.stan, line 2, columns 2-6, parsing error:
   -------------------------------------------------
     1:  data {
     2:    real simplex;
               ^
     3:  }
     4:  model {
   -------------------------------------------------

Identifier expected after type in top-level variable declaration.


  $ ../../../../../install/default/bin/stanc sizeof.stan

Semantic error in file sizeof.stan, line 2, columns 7-13:
   -------------------------------------------------
     1:  data {
     2:    real sizeof;
                ^
     3:  }
     4:  model {
   -------------------------------------------------

Identifier 'sizeof' clashes with reserved keyword.

  $ ../../../../../install/default/bin/stanc static.stan

Semantic error in file static.stan, line 2, columns 7-13:
   -------------------------------------------------
     1:  data {
     2:    real static;
                ^
     3:  }
     4:  model {
   -------------------------------------------------

Identifier 'static' clashes with reserved keyword.

  $ ../../../../../install/default/bin/stanc static_assert.stan

Semantic error in file static_assert.stan, line 2, columns 7-20:
   -------------------------------------------------
     1:  data {
     2:    real static_assert;
                ^
     3:  }
     4:  model {
   -------------------------------------------------

Identifier 'static_assert' clashes with reserved keyword.

  $ ../../../../../install/default/bin/stanc static_cast.stan

Semantic error in file static_cast.stan, line 2, columns 7-18:
   -------------------------------------------------
     1:  data {
     2:    real static_cast;
                ^
     3:  }
     4:  model {
   -------------------------------------------------

Identifier 'static_cast' clashes with reserved keyword.

  $ ../../../../../install/default/bin/stanc struct.stan

Semantic error in file struct.stan, line 2, columns 7-13:
   -------------------------------------------------
     1:  data {
     2:    real struct;
                ^
     3:  }
     4:  model {
   -------------------------------------------------

Identifier 'struct' clashes with reserved keyword.

  $ ../../../../../install/default/bin/stanc switch.stan

Semantic error in file switch.stan, line 2, columns 7-13:
   -------------------------------------------------
     1:  data {
     2:    real switch;
                ^
     3:  }
     4:  model {
   -------------------------------------------------

Identifier 'switch' clashes with reserved keyword.

  $ ../../../../../install/default/bin/stanc template.stan

Semantic error in file template.stan, line 2, columns 7-15:
   -------------------------------------------------
     1:  data {
     2:    real template;
                ^
     3:  }
     4:  model {
   -------------------------------------------------

Identifier 'template' clashes with reserved keyword.

  $ ../../../../../install/default/bin/stanc then.stan

Semantic error in file then.stan, line 2, columns 7-11:
   -------------------------------------------------
     1:  data {
     2:    real then;
                ^
     3:  }
     4:  model {
   -------------------------------------------------

Identifier 'then' clashes with reserved keyword.

  $ ../../../../../install/default/bin/stanc this.stan

Semantic error in file this.stan, line 2, columns 7-11:
   -------------------------------------------------
     1:  data {
     2:    real this;
                ^
     3:  }
     4:  model {
   -------------------------------------------------

Identifier 'this' clashes with reserved keyword.

  $ ../../../../../install/default/bin/stanc thread_local.stan

Semantic error in file thread_local.stan, line 2, columns 7-19:
   -------------------------------------------------
     1:  data {
     2:    real thread_local;
                ^
     3:  }
     4:  model {
   -------------------------------------------------

Identifier 'thread_local' clashes with reserved keyword.

  $ ../../../../../install/default/bin/stanc throw.stan

Semantic error in file throw.stan, line 2, columns 7-12:
   -------------------------------------------------
     1:  data {
     2:    real throw;
                ^
     3:  }
     4:  model {
   -------------------------------------------------

Identifier 'throw' clashes with reserved keyword.

  $ ../../../../../install/default/bin/stanc true.stan

Semantic error in file true.stan, line 2, columns 7-11:
   -------------------------------------------------
     1:  data {
     2:    real true;
                ^
     3:  }
     4:  model {
   -------------------------------------------------

Identifier 'true' clashes with reserved keyword.

  $ ../../../../../install/default/bin/stanc try.stan

Semantic error in file try.stan, line 2, columns 7-10:
   -------------------------------------------------
     1:  data {
     2:    real try;
                ^
     3:  }
     4:  model {
   -------------------------------------------------

Identifier 'try' clashes with reserved keyword.

  $ ../../../../../install/default/bin/stanc typedef.stan

Semantic error in file typedef.stan, line 2, columns 7-14:
   -------------------------------------------------
     1:  data {
     2:    real typedef;
                ^
     3:  }
     4:  model {
   -------------------------------------------------

Identifier 'typedef' clashes with reserved keyword.

  $ ../../../../../install/default/bin/stanc typeid.stan

Semantic error in file typeid.stan, line 2, columns 7-13:
   -------------------------------------------------
     1:  data {
     2:    real typeid;
                ^
     3:  }
     4:  model {
   -------------------------------------------------

Identifier 'typeid' clashes with reserved keyword.

  $ ../../../../../install/default/bin/stanc typename.stan

Semantic error in file typename.stan, line 2, columns 7-15:
   -------------------------------------------------
     1:  data {
     2:    real typename;
                ^
     3:  }
     4:  model {
   -------------------------------------------------

Identifier 'typename' clashes with reserved keyword.

  $ ../../../../../install/default/bin/stanc union.stan

Semantic error in file union.stan, line 2, columns 7-12:
   -------------------------------------------------
     1:  data {
     2:    real union;
                ^
     3:  }
     4:  model {
   -------------------------------------------------

Identifier 'union' clashes with reserved keyword.

  $ ../../../../../install/default/bin/stanc unit_vector.stan

Syntax error in file unit_vector.stan, line 2, columns 2-6, parsing error:
   -------------------------------------------------
     1:  data {
     2:    real unit_vector;
               ^
     3:  }
     4:  model {
   -------------------------------------------------

Identifier expected after type in top-level variable declaration.


  $ ../../../../../install/default/bin/stanc unsigned.stan

Semantic error in file unsigned.stan, line 2, columns 7-15:
   -------------------------------------------------
     1:  data {
     2:    real unsigned;
                ^
     3:  }
     4:  model {
   -------------------------------------------------

Identifier 'unsigned' clashes with reserved keyword.

  $ ../../../../../install/default/bin/stanc until.stan

Semantic error in file until.stan, line 2, columns 7-12:
   -------------------------------------------------
     1:  data {
     2:    real until;
                ^
     3:  }
     4:  model {
   -------------------------------------------------

Identifier 'until' clashes with reserved keyword.

  $ ../../../../../install/default/bin/stanc using.stan

Semantic error in file using.stan, line 2, columns 7-12:
   -------------------------------------------------
     1:  data {
     2:    real using;
                ^
     3:  }
     4:  model {
   -------------------------------------------------

Identifier 'using' clashes with reserved keyword.

  $ ../../../../../install/default/bin/stanc var.stan

Semantic error in file var.stan, line 2, columns 7-10:
   -------------------------------------------------
     1:  data {
     2:    real var;
                ^
     3:  }
     4:  model {
   -------------------------------------------------

Identifier 'var' clashes with reserved keyword.

  $ ../../../../../install/default/bin/stanc vector.stan

Syntax error in file vector.stan, line 2, columns 2-6, parsing error:
   -------------------------------------------------
     1:  data {
     2:    real vector;
               ^
     3:  }
     4:  model {
   -------------------------------------------------

Identifier expected after type in top-level variable declaration.


  $ ../../../../../install/default/bin/stanc virtual.stan

Semantic error in file virtual.stan, line 2, columns 7-14:
   -------------------------------------------------
     1:  data {
     2:    real virtual;
                ^
     3:  }
     4:  model {
   -------------------------------------------------

Identifier 'virtual' clashes with reserved keyword.

  $ ../../../../../install/default/bin/stanc void.stan

Syntax error in file void.stan, line 2, columns 2-6, parsing error:
   -------------------------------------------------
     1:  data {
     2:    real void;
               ^
     3:  }
     4:  model {
   -------------------------------------------------

Identifier expected after type in top-level variable declaration.


  $ ../../../../../install/default/bin/stanc volatile.stan

Semantic error in file volatile.stan, line 2, columns 7-15:
   -------------------------------------------------
     1:  data {
     2:    real volatile;
                ^
     3:  }
     4:  model {
   -------------------------------------------------

Identifier 'volatile' clashes with reserved keyword.

  $ ../../../../../install/default/bin/stanc wchar_t.stan

Semantic error in file wchar_t.stan, line 2, columns 7-14:
   -------------------------------------------------
     1:  data {
     2:    real wchar_t;
                ^
     3:  }
     4:  model {
   -------------------------------------------------

Identifier 'wchar_t' clashes with reserved keyword.

  $ ../../../../../install/default/bin/stanc while.stan

Syntax error in file while.stan, line 2, columns 2-6, parsing error:
   -------------------------------------------------
     1:  data {
     2:    real while;
               ^
     3:  }
     4:  model {
   -------------------------------------------------

Identifier expected after type in top-level variable declaration.


  $ ../../../../../install/default/bin/stanc xor.stan

Semantic error in file xor.stan, line 2, columns 7-10:
   -------------------------------------------------
     1:  data {
     2:    real xor;
                ^
     3:  }
     4:  model {
   -------------------------------------------------

Identifier 'xor' clashes with reserved keyword.

  $ ../../../../../install/default/bin/stanc xor_eq.stan

Semantic error in file xor_eq.stan, line 2, columns 7-13:
   -------------------------------------------------
     1:  data {
     2:    real xor_eq;
                ^
     3:  }
     4:  model {
   -------------------------------------------------

Identifier 'xor_eq' clashes with reserved keyword.

