  $ ../../../../../install/default/bin/stanc --print-cpp optimizations.stan

