  $ ../../../../../install/default/bin/stanc --print-cpp eight_schools_ncp.stan

// Code generated by Stan version 2.18.0
#include <stan/model/model_header.hpp>
namespace eight_schools_ncp_model_namespace {

using std::istream;
using std::string;
using std::stringstream;
using std::vector;
using stan::io::dump;
using stan::math::lgamma;
using stan::model::prob_grad;
using namespace stan::math; 
static char* current_statement__;

class eight_schools_ncp_model : public prob_grad {

 private:
  int J;
  std::vector<double> y;
  std::vector<double> sigma;
 
 public:
  ~eight_schools_ncp_model() { }
  
  static std::string model_name() { return "eight_schools_ncp_model"; }
  
  eight_schools_ncp_model(stan::io::var_context& context__,
                          unsigned int random_seed__ = 0,
                          std::ostream* pstream__ = nullptr) : prob_grad(0) {
    typedef double local_scalar_t__;
    boost::ecuyer1988 base_rng__ = 
        stan::services::util::create_rng(random_seed__, 0);
    (void) base_rng__;  // suppress unused var warning
    static const char* function__ = "eight_schools_ncp_model_namespace::eight_schools_ncp_model";
    (void) function__;  // dummy to suppress unused var warning
    {
      J = stan::model::rvalue(context__.vals_i("J"), stan::model::cons_list(stan::model::index_uni(0), stan::model::nil_index_list()), "pretty printed e");
      check_greater_or_equal(function__, "J", J, 0);
      for (size_t sym1__ = 0; sym1__ < stan::length(y); sym1__++) {
        y[sym1__] = stan::model::rvalue(context__.vals_r("y"), stan::model::cons_list(stan::model::index_uni(sym1__), stan::model::nil_index_list()), "pretty printed e");
      }
      for (size_t sym1__ = 0; sym1__ < stan::length(sigma); sym1__++) {
        sigma[sym1__] = stan::model::rvalue(context__.vals_r("sigma"), stan::model::cons_list(stan::model::index_uni(sym1__), stan::model::nil_index_list()), "pretty printed e");
      }
      for (size_t sym1__ = 0; sym1__ < stan::length(sigma); sym1__++) {
        check_greater_or_equal(function__, "sigma[sym1__]",
                               stan::model::rvalue(sigma, stan::model::cons_list(stan::model::index_uni(sym1__), stan::model::nil_index_list()), "pretty printed e"),
                               0);}
    }
  }
  template <bool propto__, bool jacobian__, typename T__>
  T__ log_prob(std::vector<T__>& params_r__, std::vector<int>& params_i__,
               std::ostream* pstream__ = 0) {
  typedef T__ local_scalar_t__;
    local_scalar_t__ DUMMY_VAR__(std::numeric_limits<double>::quiet_NaN());
    (void) DUMMY_VAR__;  // dummy to suppress unused var warning
    T__ lp__(0.0);
    stan::math::accumulator<T__> lp_accum__;
    stan::io::reader<local_scalar_t__> in__(params_r__, params_i__);
    {
      local_scalar_t__ mu;
      
      mu = in__.scalar_constrain();
      local_scalar_t__ tau;
      
      tau = in__.scalar_lb_constrain(0);
      std::vector<local_scalar_t__> theta_tilde;
      theta_tilde = std::vector<local_scalar_t__>(J, 0);
      
      for (size_t sym1__ = 0; sym1__ < stan::length(theta_tilde); sym1__++) {
        theta_tilde[sym1__] = in__.scalar_constrain();}
      std::vector<local_scalar_t__> theta;
      theta = std::vector<local_scalar_t__>(J, 0);
      
      for (size_t j = 1; j < J; j++) {
        theta[j] = (mu + (tau * stan::model::rvalue(theta_tilde, stan::model::cons_list(stan::model::index_uni(j), stan::model::nil_index_list()), "pretty printed e")));
      }
      {
        lp_accum__.add(normal(mu, 0, 5));
        lp_accum__.add(cauchy(tau, 0, 5));
        lp_accum__.add(normal(theta_tilde, 0, 1));
        lp_accum__.add(normal(y, theta, sigma));
      }
    }
  }
  
  void get_param_names(std::vector<std::string>& names) const {
    names.push_back("mu");
    names.push_back("tau");
    names.push_back("theta_tilde");
    names.push_back("theta");
  }
  void get_dims(std::vector<std::vector<size_t>>& dimss__) const {
    dimss__.resize(0);
    std::vector<size_t> dims__;
    dimss__.push_back(dims__);
    dims__.resize(0);
    dimss__.push_back(dims__);
    dims__.resize(0);
    dims__.push_back(J);
    dimss__.push_back(dims__);
    dims__.resize(0);
    dims__.push_back(J);
    dimss__.push_back(dims__);
    dims__.resize(0);
    
  }
  //TODO write_array
  //TODO constrained_param_names
  //TODO unconstrained_param_names
  //TODO transform_inits
};
}

typedef eight_schools_ncp_model_namespace::eight_schools_ncp_model stan_model;

  $ ../../../../../install/default/bin/stanc --print-cpp one_var_per_block.stan

// Code generated by Stan version 2.18.0
#include <stan/model/model_header.hpp>
namespace one_var_per_block_model_namespace {

using std::istream;
using std::string;
using std::stringstream;
using std::vector;
using stan::io::dump;
using stan::math::lgamma;
using stan::model::prob_grad;
using namespace stan::math; 
static char* current_statement__;
template <typename T0__, typename T1__>
typename boost::math::tools::promote_args<T0__, T1__>::type
udf1(const T0__& a, const T1__& b, std::ostream* pstream__) {
  typedef typename boost::math::tools::promote_args<T0__,
          T1__>::type local_scalar_t__;
  typedef local_scalar_t__ fun_return_scalar_t__;
  const static bool propto__ = true;
  (void) propto__;
  local_scalar_t__ DUMMY_VAR__(std::numeric_limits<double>::quiet_NaN());
  (void) DUMMY_VAR__;  // suppress unused var warning
  {
    return (a + b);
  }
  
}
class one_var_per_block_model : public prob_grad {

 private:
  int N;
  int K;
  std::vector<Eigen::Matrix<double, -1, 1>> datavar;
 
 public:
  ~one_var_per_block_model() { }
  
  static std::string model_name() { return "one_var_per_block_model"; }
  
  one_var_per_block_model(stan::io::var_context& context__,
                          unsigned int random_seed__ = 0,
                          std::ostream* pstream__ = nullptr) : prob_grad(0) {
    typedef double local_scalar_t__;
    boost::ecuyer1988 base_rng__ = 
        stan::services::util::create_rng(random_seed__, 0);
    (void) base_rng__;  // suppress unused var warning
    static const char* function__ = "one_var_per_block_model_namespace::one_var_per_block_model";
    (void) function__;  // dummy to suppress unused var warning
    {
      N = stan::model::rvalue(context__.vals_i("N"), stan::model::cons_list(stan::model::index_uni(0), stan::model::nil_index_list()), "pretty printed e");
      K = stan::model::rvalue(context__.vals_i("K"), stan::model::cons_list(stan::model::index_uni(0), stan::model::nil_index_list()), "pretty printed e");
      for (size_t sym1__ = 0; sym1__ < stan::length(datavar); sym1__++) {
        for (size_t sym2__ = 0;
             sym2__ < stan::length(stan::model::rvalue(datavar, stan::model::cons_list(stan::model::index_uni(sym1__), stan::model::nil_index_list()), "pretty printed e"));
             sym2__++) {
          datavar[sym1__, sym2__] = stan::model::rvalue(context__.vals_r("datavar"), stan::model::cons_list(stan::model::index_uni(sym1__), stan::model::cons_list(stan::model::index_uni(sym2__), stan::model::nil_index_list())), "pretty printed e");
        }}
      for (size_t sym1__ = 0; sym1__ < stan::length(datavar); sym1__++) {
        for (size_t sym2__ = 0;
             sym2__ < stan::length(stan::model::rvalue(datavar, stan::model::cons_list(stan::model::index_uni(sym1__), stan::model::nil_index_list()), "pretty printed e"));
             sym2__++) {
          check_greater_or_equal(function__, "datavar[sym1__, sym2__]",
                                 stan::model::rvalue(datavar, stan::model::cons_list(stan::model::index_uni(sym1__), stan::model::cons_list(stan::model::index_uni(sym2__), stan::model::nil_index_list())), "pretty printed e"),
                                 0);}}
      std::vector<std::vector<double>> tdatavar;
      tdatavar = std::vector<std::vector<double>>(1, std::vector<double>(1, 0));
      
      tdatavar = {{2.0}};
      for (size_t sym1__ = 0; sym1__ < stan::length(tdatavar); sym1__++) {
        for (size_t sym2__ = 0;
             sym2__ < stan::length(stan::model::rvalue(tdatavar, stan::model::cons_list(stan::model::index_uni(sym1__), stan::model::nil_index_list()), "pretty printed e"));
             sym2__++) {
          check_greater_or_equal(function__, "tdatavar[sym1__, sym2__]",
                                 stan::model::rvalue(tdatavar, stan::model::cons_list(stan::model::index_uni(sym1__), stan::model::cons_list(stan::model::index_uni(sym2__), stan::model::nil_index_list())), "pretty printed e"),
                                 0);}}
    }
  }
  template <bool propto__, bool jacobian__, typename T__>
  T__ log_prob(std::vector<T__>& params_r__, std::vector<int>& params_i__,
               std::ostream* pstream__ = 0) {
  typedef T__ local_scalar_t__;
    local_scalar_t__ DUMMY_VAR__(std::numeric_limits<double>::quiet_NaN());
    (void) DUMMY_VAR__;  // dummy to suppress unused var warning
    T__ lp__(0.0);
    stan::math::accumulator<T__> lp_accum__;
    stan::io::reader<local_scalar_t__> in__(params_r__, params_i__);
    {
      std::vector<Eigen::Matrix<local_scalar_t__, -1, 1>> param;
      param = std::vector<Eigen::Matrix<local_scalar_t__, -1, 1>>(K, Eigen::Matrix<local_scalar_t__, -1, 1>(N));
      
      for (size_t sym1__ = 0; sym1__ < stan::length(param); sym1__++) {
        param[sym1__] = in__.scalar_lb_constrain(0, N);}
      std::vector<std::vector<Eigen::Matrix<local_scalar_t__, -1, -1>>> matparam;
      matparam = std::vector<std::vector<Eigen::Matrix<local_scalar_t__, -1, -1>>>((K + 1), std::vector<Eigen::Matrix<local_scalar_t__, -1, -1>>(K, Eigen::Matrix<local_scalar_t__, -1, -1>(N, N)));
      
      for (size_t sym1__ = 0; sym1__ < stan::length(matparam); sym1__++) {
        for (size_t sym2__ = 0;
             sym2__ < stan::length(stan::model::rvalue(matparam, stan::model::cons_list(stan::model::index_uni(sym1__), stan::model::nil_index_list()), "pretty printed e"));
             sym2__++) {
          matparam[sym1__, sym2__] = in__.scalar_lb_constrain(0, N, N);}}
      std::vector<Eigen::Matrix<local_scalar_t__, -1, 1>> tparam;
      tparam = std::vector<Eigen::Matrix<local_scalar_t__, -1, 1>>(K, Eigen::Matrix<local_scalar_t__, -1, 1>(N));
      
      for (size_t sym1__ = 0; sym1__ < stan::length(tparam); sym1__++) {
        for (size_t sym2__ = 0;
             sym2__ < stan::length(stan::model::rvalue(tparam, stan::model::cons_list(stan::model::index_uni(sym1__), stan::model::nil_index_list()), "pretty printed e"));
             sym2__++) {
          check_greater_or_equal(function__, "tparam[sym1__, sym2__]",
                                 stan::model::rvalue(tparam, stan::model::cons_list(stan::model::index_uni(sym1__), stan::model::cons_list(stan::model::index_uni(sym2__), stan::model::nil_index_list())), "pretty printed e"),
                                 0);}}
      for (size_t n = 1; n < N; n++) {
        tparam[n] = multiply(stan::model::rvalue(param, stan::model::cons_list(stan::model::index_uni(n), stan::model::nil_index_list()), "pretty printed e"), 2);
      }
      {
        std::vector<Eigen::Matrix<local_scalar_t__, -1, 1>> modellocal;
        modellocal = std::vector<Eigen::Matrix<local_scalar_t__, -1, 1>>(K, Eigen::Matrix<local_scalar_t__, -1, 1>(N));
        
        for (size_t n = 1; n < N; n++) {
          modellocal[n] = multiply(stan::model::rvalue(tparam, stan::model::cons_list(stan::model::index_uni(n), stan::model::nil_index_list()), "pretty printed e"), 2);
        }
      }
    }
  }
  
  void get_param_names(std::vector<std::string>& names) const {
    names.push_back("param");
    names.push_back("matparam");
    names.push_back("tparam");
    names.push_back("gq");
  }
  void get_dims(std::vector<std::vector<size_t>>& dimss__) const {
    dimss__.resize(0);
    std::vector<size_t> dims__;
    dims__.push_back(K);
    
    dims__.push_back(N);
    dimss__.push_back(dims__);
    dims__.resize(0);
    dims__.push_back((K + 1));
    
    dims__.push_back(K);
    
    dims__.push_back(N);
    
    dims__.push_back(N);
    dimss__.push_back(dims__);
    dims__.resize(0);
    dims__.push_back(K);
    
    dims__.push_back(N);
    dimss__.push_back(dims__);
    dims__.resize(0);
    dims__.push_back(K);
    
    dims__.push_back(N);
    dimss__.push_back(dims__);
    dims__.resize(0);
    
  }
  //TODO write_array
  //TODO constrained_param_names
  //TODO unconstrained_param_names
  //TODO transform_inits
};
}

typedef one_var_per_block_model_namespace::one_var_per_block_model stan_model;

