Inference for Stan model: eight_schools_ncp_model
1 chains: each with iter=(1000); warmup=(0); thin=(1); 1000 iterations saved.

Warmup took (3.8) seconds, 3.8 seconds total
Sampling took (5.7) seconds, 5.7 seconds total

                     Mean     MCSE   StdDev        5%       50%   95%    N_Eff  N_Eff/s    R_hat
lp__             -4.7e+01  9.8e-02  2.1e+00  -5.1e+01  -4.7e+01   -45  4.7e+02  8.4e+01  1.0e+00
accept_stat__     8.7e-01  3.5e-03  1.3e-01   6.2e-01   9.0e-01  1.00  1.3e+03  2.3e+02  1.0e+00
stepsize__        7.7e-01  4.1e-15  2.9e-15   7.7e-01   7.7e-01  0.77  5.0e-01  8.9e-02  1.0e+00
treedepth__       5.4e+00  9.8e-02  2.9e+00   2.0e+00   5.0e+00    10  8.9e+02  1.6e+02  1.0e+00
n_leapfrog__      2.8e+02  1.3e+01  4.0e+02   3.0e+00   3.5e+01  1023  8.7e+02  1.5e+02  1.0e+00
divergent__       0.0e+00     -nan  0.0e+00   0.0e+00   0.0e+00  0.00     -nan     -nan     -nan
energy__          5.2e+01  1.5e-01  3.1e+00   4.8e+01   5.2e+01    58  4.2e+02  7.4e+01  1.0e+00
mu                4.8e+00  9.5e-02  3.2e+00  -8.4e-02   4.7e+00   9.9  1.1e+03  2.0e+02  1.0e+00
tau               0.0e+00     -nan  0.0e+00   0.0e+00   0.0e+00  0.00     -nan     -nan     -nan
theta_tilde[1]    3.4e-02  2.8e-02  9.8e-01  -1.6e+00   5.6e-02   1.6  1.3e+03  2.2e+02  1.0e+00
theta_tilde[2]   -3.4e-02  2.9e-02  9.1e-01  -1.6e+00  -4.2e-02   1.5  9.8e+02  1.7e+02  1.0e+00
theta_tilde[3]    2.6e-02  3.0e-02  1.0e+00  -1.5e+00  -1.2e-02   1.7  1.1e+03  2.0e+02  1.0e+00
theta_tilde[4]   -2.2e-03  3.2e-02  1.0e+00  -1.7e+00  -4.6e-02   1.7  1.1e+03  1.9e+02  1.0e+00
theta_tilde[5]    8.2e-03  2.9e-02  9.9e-01  -1.6e+00  -8.9e-03   1.6  1.2e+03  2.1e+02  1.0e+00
theta_tilde[6]   -1.3e-02  2.7e-02  1.0e+00  -1.7e+00  -1.3e-03   1.6  1.4e+03  2.4e+02  1.0e+00
theta_tilde[7]   -2.6e-02  2.8e-02  9.8e-01  -1.7e+00  -1.7e-02   1.6  1.3e+03  2.2e+02  1.0e+00
theta_tilde[8]   -1.8e-02  2.9e-02  1.0e+00  -1.7e+00  -2.6e-02   1.7  1.2e+03  2.1e+02  1.0e+00
theta[1]          4.8e+00  9.5e-02  3.2e+00  -8.4e-02   4.7e+00   9.9  1.1e+03  2.0e+02  1.0e+00
theta[2]          4.8e+00  9.5e-02  3.2e+00  -8.4e-02   4.7e+00   9.9  1.1e+03  2.0e+02  1.0e+00
theta[3]          4.8e+00  9.5e-02  3.2e+00  -8.4e-02   4.7e+00   9.9  1.1e+03  2.0e+02  1.0e+00
theta[4]          4.8e+00  9.5e-02  3.2e+00  -8.4e-02   4.7e+00   9.9  1.1e+03  2.0e+02  1.0e+00
theta[5]          4.8e+00  9.5e-02  3.2e+00  -8.4e-02   4.7e+00   9.9  1.1e+03  2.0e+02  1.0e+00
theta[6]          4.8e+00  9.5e-02  3.2e+00  -8.4e-02   4.7e+00   9.9  1.1e+03  2.0e+02  1.0e+00
theta[7]          4.8e+00  9.5e-02  3.2e+00  -8.4e-02   4.7e+00   9.9  1.1e+03  2.0e+02  1.0e+00
theta[8]          4.8e+00  9.5e-02  3.2e+00  -8.4e-02   4.7e+00   9.9  1.1e+03  2.0e+02  1.0e+00

Samples were drawn using hmc with nuts.
For each parameter, N_Eff is a crude measure of effective sample size,
and R_hat is the potential scale reduction factor on split chains (at 
convergence, R_hat=1).

