  $ ../../../../../install/default/bin/stan2tfp eight_schools_ncp.stan

