  $ ../../../../../install/default/bin/stanc bad_fun_type.stan

Semantic error in file bad_fun_type.stan, line 31, columns 10-62:
   -------------------------------------------------
    29:  transformed parameters {
    30:    vector[2] y_s_p;
    31:    y_s_p = algebra_solver(algebra_system, y, theta_p, x_r, x_i);
                   ^
    32:  }
    33:  
   -------------------------------------------------

Ill-typed arguments supplied to function 'algebra_solver'. Available signatures: 
((vector, vector, data real[], data int[]) => vector, vector, vector, data real[], data int[], data real, data real, data real) => vector
((vector, vector, data real[], data int[]) => vector, vector, vector, data real[], data int[]) => vector
Instead supplied arguments of incompatible type: (real[], vector, real[], int[]) => vector, vector, vector, real[], int[].

  $ ../../../../../install/default/bin/stanc bad_fun_type_control.stan

Semantic error in file bad_fun_type_control.stan, line 31, columns 10-78:
   -------------------------------------------------
    29:  transformed parameters {
    30:    vector[2] y_s_p;
    31:    y_s_p = algebra_solver(algebra_system, y, theta_p, x_r, x_i, 0.01, 0.01, 10);
                   ^
    32:  }
    33:  
   -------------------------------------------------

Ill-typed arguments supplied to function 'algebra_solver'. Available signatures: 
((vector, vector, data real[], data int[]) => vector, vector, vector, data real[], data int[], data real, data real, data real) => vector
((vector, vector, data real[], data int[]) => vector, vector, vector, data real[], data int[]) => vector
Instead supplied arguments of incompatible type: (real[], vector, real[], int[]) => vector, vector, vector, real[], int[], real, real, int.

  $ ../../../../../install/default/bin/stanc bad_theta_type.stan

Semantic error in file bad_theta_type.stan, line 31, columns 10-62:
   -------------------------------------------------
    29:  transformed parameters {
    30:    vector[2] y_s_p;
    31:    y_s_p = algebra_solver(algebra_system, y, theta_p, x_r, x_i);
                   ^
    32:  }
    33:  
   -------------------------------------------------

Ill-typed arguments supplied to function 'algebra_solver'. Available signatures: 
((vector, vector, data real[], data int[]) => vector, vector, vector, data real[], data int[], data real, data real, data real) => vector
((vector, vector, data real[], data int[]) => vector, vector, vector, data real[], data int[]) => vector
Instead supplied arguments of incompatible type: (real[], vector, real[], int[]) => vector, vector, real, real[], int[].

  $ ../../../../../install/default/bin/stanc bad_theta_type_control.stan

Semantic error in file bad_theta_type_control.stan, line 31, columns 10-78:
   -------------------------------------------------
    29:  transformed parameters {
    30:    vector[2] y_s_p;
    31:    y_s_p = algebra_solver(algebra_system, y, theta_p, x_r, x_i, 0.01, 0.01, 10);
                   ^
    32:  }
    33:  
   -------------------------------------------------

Ill-typed arguments supplied to function 'algebra_solver'. Available signatures: 
((vector, vector, data real[], data int[]) => vector, vector, vector, data real[], data int[], data real, data real, data real) => vector
((vector, vector, data real[], data int[]) => vector, vector, vector, data real[], data int[]) => vector
Instead supplied arguments of incompatible type: (real[], vector, real[], int[]) => vector, vector, real, real[], int[], real, real, int.

  $ ../../../../../install/default/bin/stanc bad_x_i_type.stan

Semantic error in file bad_x_i_type.stan, line 31, columns 10-62:
   -------------------------------------------------
    29:  transformed parameters {
    30:    vector[2] y_s_p;
    31:    y_s_p = algebra_solver(algebra_system, y, theta_p, x_r, x_i);
                   ^
    32:  }
    33:  
   -------------------------------------------------

Ill-typed arguments supplied to function 'algebra_solver'. Available signatures: 
((vector, vector, data real[], data int[]) => vector, vector, vector, data real[], data int[], data real, data real, data real) => vector
((vector, vector, data real[], data int[]) => vector, vector, vector, data real[], data int[]) => vector
Instead supplied arguments of incompatible type: (vector, vector, real[], int[]) => vector, vector, vector, real[], real[].

  $ ../../../../../install/default/bin/stanc bad_x_i_type_control.stan

Semantic error in file bad_x_i_type_control.stan, line 31, columns 10-78:
   -------------------------------------------------
    29:  transformed parameters {
    30:    vector[2] y_s_p;
    31:    y_s_p = algebra_solver(algebra_system, y, theta_p, x_r, x_i, 0.01, 0.01, 10);
                   ^
    32:  }
    33:  
   -------------------------------------------------

Ill-typed arguments supplied to function 'algebra_solver'. Available signatures: 
((vector, vector, data real[], data int[]) => vector, vector, vector, data real[], data int[], data real, data real, data real) => vector
((vector, vector, data real[], data int[]) => vector, vector, vector, data real[], data int[]) => vector
Instead supplied arguments of incompatible type: (vector, vector, real[], int[]) => vector, vector, vector, real[], real[], real, real, int.

  $ ../../../../../install/default/bin/stanc bad_x_r_type.stan

Semantic error in file bad_x_r_type.stan, line 31, columns 10-62:
   -------------------------------------------------
    29:  transformed parameters {
    30:    vector[2] y_s_p;
    31:    y_s_p = algebra_solver(algebra_system, y, theta_p, x_r, x_i);
                   ^
    32:  }
    33:  
   -------------------------------------------------

Ill-typed arguments supplied to function 'algebra_solver'. Available signatures: 
((vector, vector, data real[], data int[]) => vector, vector, vector, data real[], data int[], data real, data real, data real) => vector
((vector, vector, data real[], data int[]) => vector, vector, vector, data real[], data int[]) => vector
Instead supplied arguments of incompatible type: (vector, vector, real[], int[]) => vector, vector, vector, int[], int[].

  $ ../../../../../install/default/bin/stanc bad_x_r_type_control.stan

Semantic error in file bad_x_r_type_control.stan, line 31, columns 10-78:
   -------------------------------------------------
    29:  transformed parameters {
    30:    vector[2] y_s_p;
    31:    y_s_p = algebra_solver(algebra_system, y, theta_p, x_r, x_i, 0.01, 0.01, 10);
                   ^
    32:  }
    33:  
   -------------------------------------------------

Ill-typed arguments supplied to function 'algebra_solver'. Available signatures: 
((vector, vector, data real[], data int[]) => vector, vector, vector, data real[], data int[], data real, data real, data real) => vector
((vector, vector, data real[], data int[]) => vector, vector, vector, data real[], data int[]) => vector
Instead supplied arguments of incompatible type: (vector, vector, real[], int[]) => vector, vector, vector, int[], int[], real, real, int.

  $ ../../../../../install/default/bin/stanc bad_x_r_var_type.stan

Semantic error in file bad_x_r_var_type.stan, line 31, columns 10-64:
   -------------------------------------------------
    29:  transformed parameters {
    30:    vector[2] y_s_p;
    31:    y_s_p = algebra_solver(algebra_system, y, theta_p, x_r_p, x_i);
                   ^
    32:  }
    33:  
   -------------------------------------------------

Ill-typed arguments supplied to function 'algebra_solver'. Available signatures: 
((vector, vector, data real[], data int[]) => vector, vector, vector, data real[], data int[], data real, data real, data real) => vector
((vector, vector, data real[], data int[]) => vector, vector, vector, data real[], data int[]) => vector
Instead supplied arguments of incompatible type: (vector, vector, real[], int[]) => vector, vector, vector, real[], int[].

  $ ../../../../../install/default/bin/stanc bad_x_r_var_type_control.stan

Semantic error in file bad_x_r_var_type_control.stan, line 31, columns 10-80:
   -------------------------------------------------
    29:  transformed parameters {
    30:    vector[2] y_s_p;
    31:    y_s_p = algebra_solver(algebra_system, y, theta_p, x_r_p, x_i, 0.01, 0.01, 10);
                   ^
    32:  }
    33:  
   -------------------------------------------------

Ill-typed arguments supplied to function 'algebra_solver'. Available signatures: 
((vector, vector, data real[], data int[]) => vector, vector, vector, data real[], data int[], data real, data real, data real) => vector
((vector, vector, data real[], data int[]) => vector, vector, vector, data real[], data int[]) => vector
Instead supplied arguments of incompatible type: (vector, vector, real[], int[]) => vector, vector, vector, real[], int[], real, real, int.

  $ ../../../../../install/default/bin/stanc bad_y_type.stan

Semantic error in file bad_y_type.stan, line 31, columns 10-62:
   -------------------------------------------------
    29:  transformed parameters {
    30:    vector[2] y_s_p;
    31:    y_s_p = algebra_solver(algebra_system, y, theta_p, x_r, x_i);
                   ^
    32:  }
    33:  
   -------------------------------------------------

Ill-typed arguments supplied to function 'algebra_solver'. Available signatures: 
((vector, vector, data real[], data int[]) => vector, vector, vector, data real[], data int[], data real, data real, data real) => vector
((vector, vector, data real[], data int[]) => vector, vector, vector, data real[], data int[]) => vector
Instead supplied arguments of incompatible type: (real[], vector, real[], int[]) => vector, real, vector, real[], int[].

  $ ../../../../../install/default/bin/stanc bad_y_type_control.stan

Semantic error in file bad_y_type_control.stan, line 31, columns 10-78:
   -------------------------------------------------
    29:  transformed parameters {
    30:    vector[2] y_s_p;
    31:    y_s_p = algebra_solver(algebra_system, y, theta_p, x_r, x_i, 0.01, 0.01, 10);
                   ^
    32:  }
    33:  
   -------------------------------------------------

Ill-typed arguments supplied to function 'algebra_solver'. Available signatures: 
((vector, vector, data real[], data int[]) => vector, vector, vector, data real[], data int[], data real, data real, data real) => vector
((vector, vector, data real[], data int[]) => vector, vector, vector, data real[], data int[]) => vector
Instead supplied arguments of incompatible type: (real[], vector, real[], int[]) => vector, real, vector, real[], int[], real, real, int.

